---
source: crates/ruff_linter/src/rules/pyflakes/mod.rs
---
error[F811]: F811_0.py:10:5: Redefinition of unused `bar` from line 6

   |
10 | def bar():
   |     ^^^
11 |     pass
   |
   = help: Remove definition: `bar`
