---
source: crates/ruff_linter/src/rules/pyflakes/mod.rs
---
error[F401]: F401_9.py:4:22: [*] `foo.baz` imported but unused

  |
3 | __all__ = ("bar",)
4 | from foo import bar, baz
  |                      ^^^
  |
  = help: Remove unused import: `foo.baz`
â„¹ Safe fix
1 1 | """Test: late-binding of `__all__`."""
2 2 | 
3 3 | __all__ = ("bar",)
4   |-from foo import bar, baz
  4 |+from foo import bar
