---
source: crates/ruff_linter/src/rules/pyflakes/mod.rs
---
error[F811]: F811_15.py:4:5: Redefinition of unused `fu` from line 1

  |
4 | def fu():
  |     ^^
5 |     pass
  |
  = help: Remove definition: `fu`
