---
source: crates/ruff_linter/src/rules/pyflakes/mod.rs
---
error[F821]: F821_13.py:8:19: Undefined name `List`

  |
6 | Y: ForwardRef("List[int]")
7 | 
8 | Z = TypeVar("X", "List[int]", "int")
  |                   ^^^^
  |
