---
source: crates/ruff_linter/src/rules/pyflakes/mod.rs
---
error[F821]: <filename>:10:5: Undefined name `x`

   |
 8 |     # entirely after the `del` statement. However, it should be an F821
 9 |     # error, because the name is defined in the scope, but unbound.
10 |     x += 1
   |     ^
   |
error[F841]: <filename>:10:5: Local variable `x` is assigned to but never used

   |
 8 |     # entirely after the `del` statement. However, it should be an F821
 9 |     # error, because the name is defined in the scope, but unbound.
10 |     x += 1
   |     ^
   |
   = help: Remove assignment to unused variable `x`
