---
source: crates/ruff_linter/src/rules/flake8_copyright/mod.rs
---
error[CPY001]: <filename>:1:1: Missing copyright notice at top of file

  |
1 | # Copyright (C) 2023 Some Author
  | ^
2 | 
3 | import os
  |
