---
source: crates/ruff_python_parser/tests/fixtures.rs
input_file: crates/ruff_python_parser/resources/inline/err/if_stmt_misspelled_elif.py
---
## AST

```
Module(
    ModModule {
        range: 0..47,
        body: [
            If(
                StmtIf {
                    range: 0..17,
                    test: BooleanLiteral(
                        ExprBooleanLiteral {
                            range: 3..7,
                            value: true,
                        },
                    ),
                    body: [
                        Pass(
                            StmtPass {
                                range: 13..17,
                            },
                        ),
                    ],
                    elif_else_clauses: [],
                },
            ),
            AnnAssign(
                StmtAnnAssign {
                    range: 18..22,
                    target: Name(
                        ExprName {
                            range: 18..21,
                            id: "elf",
                            ctx: Store,
                        },
                    ),
                    annotation: Name(
                        ExprName {
                            range: 22..22,
                            id: "",
                            ctx: Invalid,
                        },
                    ),
                    value: None,
                    simple: true,
                },
            ),
            Pass(
                StmtPass {
                    range: 27..31,
                },
            ),
            Pass(
                StmtPass {
                    range: 42..46,
                },
            ),
        ],
    },
)
```
## Errors

error: Invalid syntax
  |
1 | if True:
2 |     pass
3 | elf:
  |     ^ Expected an expression
4 |     pass
5 | else:
6 |     pass
  |


error: Invalid syntax
  |
2 |     pass
3 | elf:
4 |     pass
  | ^^^^ Unexpected indentation
5 | else:
6 |     pass
  |


error: Invalid syntax
  |
3 | elf:
4 |     pass
5 | else:
  | ^ Expected a statement
6 |     pass
  |


error: Invalid syntax
  |
3 | elf:
4 |     pass
5 | else:
  |     ^ Expected a statement
6 |     pass
  |


error: Invalid syntax
  |
3 | elf:
4 |     pass
5 | else:
  |      ^ Expected a statement
6 |     pass
  |


error: Invalid syntax
  |
4 |     pass
5 | else:
6 |     pass
  | ^^^^ Unexpected indentation
  |


error: Invalid syntax
  |
5 | else:
6 |     pass
  |
