---
source: crates/ruff_linter/src/rules/ruff/mod.rs
---
error[RUF012]: RUF012.py:9:34: Mutable class attributes should be annotated with `typing.ClassVar`

   |
 7 |     }
 8 | 
 9 |     mutable_default: list[int] = []
   |                                  ^^
10 |     immutable_annotation: Sequence[int] = []
11 |     without_annotation = []
   |
error[RUF012]: RUF012.py:11:26: Mutable class attributes should be annotated with `typing.ClassVar`

   |
 9 |     mutable_default: list[int] = []
10 |     immutable_annotation: Sequence[int] = []
11 |     without_annotation = []
   |                          ^^
12 |     class_variable: ClassVar[list[int]] = []
13 |     final_variable: Final[list[int]] = []
   |
error[RUF012]: RUF012.py:25:26: Mutable class attributes should be annotated with `typing.ClassVar`

   |
23 |     mutable_default: list[int] = []
24 |     immutable_annotation: Sequence[int] = []
25 |     without_annotation = []
   |                          ^^
26 |     perfectly_fine: list[int] = field(default_factory=list)
27 |     class_variable: ClassVar[list[int]] = []
   |
