---
source: crates/ruff_linter/src/rules/flake8_django/mod.rs
---
error[DJ008]: DJ008.py:6:7: Model does not define `__str__` method

  |
5 | # Models without __str__
6 | class TestModel1(models.Model):
  |       ^^^^^^^^^^
7 |     new_field = models.CharField(max_length=10)
  |
error[DJ008]: DJ008.py:21:7: Model does not define `__str__` method

   |
21 | class TestModel2(Model):
   |       ^^^^^^^^^^
22 |     new_field = models.CharField(max_length=10)
   |
error[DJ008]: DJ008.py:36:7: Model does not define `__str__` method

   |
36 | class TestModel3(Model):
   |       ^^^^^^^^^^
37 |     new_field = models.CharField(max_length=10)
   |
error[DJ008]: DJ008.py:182:7: Model does not define `__str__` method

    |
181 | # Subclass without __str__
182 | class SubclassTestModel3(TestModel1):
    |       ^^^^^^^^^^^^^^^^^^
183 |     pass
    |
