---
source: crates/ruff_linter/src/rules/flake8_bugbear/mod.rs
---
error[B909]: B909.py:12:5: Mutation to loop iterable `some_list` during iteration

   |
10 | for elem in some_list:
11 |     # errors
12 |     some_list.remove(0)
   |     ^^^^^^^^^^^^^^^^
13 |     del some_list[2]
14 |     some_list.append(elem)
   |
error[B909]: B909.py:13:5: Mutation to loop iterable `some_list` during iteration

   |
11 |     # errors
12 |     some_list.remove(0)
13 |     del some_list[2]
   |     ^^^^^^^^^^^^^^^^
14 |     some_list.append(elem)
15 |     some_list.sort()
   |
error[B909]: B909.py:14:5: Mutation to loop iterable `some_list` during iteration

   |
12 |     some_list.remove(0)
13 |     del some_list[2]
14 |     some_list.append(elem)
   |     ^^^^^^^^^^^^^^^^
15 |     some_list.sort()
16 |     some_list.reverse()
   |
error[B909]: B909.py:15:5: Mutation to loop iterable `some_list` during iteration

   |
13 |     del some_list[2]
14 |     some_list.append(elem)
15 |     some_list.sort()
   |     ^^^^^^^^^^^^^^
16 |     some_list.reverse()
17 |     some_list.clear()
   |
error[B909]: B909.py:16:5: Mutation to loop iterable `some_list` during iteration

   |
14 |     some_list.append(elem)
15 |     some_list.sort()
16 |     some_list.reverse()
   |     ^^^^^^^^^^^^^^^^^
17 |     some_list.clear()
18 |     some_list.extend([1, 2])
   |
error[B909]: B909.py:17:5: Mutation to loop iterable `some_list` during iteration

   |
15 |     some_list.sort()
16 |     some_list.reverse()
17 |     some_list.clear()
   |     ^^^^^^^^^^^^^^^
18 |     some_list.extend([1, 2])
19 |     some_list.insert(1, 1)
   |
error[B909]: B909.py:18:5: Mutation to loop iterable `some_list` during iteration

   |
16 |     some_list.reverse()
17 |     some_list.clear()
18 |     some_list.extend([1, 2])
   |     ^^^^^^^^^^^^^^^^
19 |     some_list.insert(1, 1)
20 |     some_list.pop(1)
   |
error[B909]: B909.py:19:5: Mutation to loop iterable `some_list` during iteration

   |
17 |     some_list.clear()
18 |     some_list.extend([1, 2])
19 |     some_list.insert(1, 1)
   |     ^^^^^^^^^^^^^^^^
20 |     some_list.pop(1)
21 |     some_list.pop()
   |
error[B909]: B909.py:20:5: Mutation to loop iterable `some_list` during iteration

   |
18 |     some_list.extend([1, 2])
19 |     some_list.insert(1, 1)
20 |     some_list.pop(1)
   |     ^^^^^^^^^^^^^
21 |     some_list.pop()
   |
error[B909]: B909.py:21:5: Mutation to loop iterable `some_list` during iteration

   |
19 |     some_list.insert(1, 1)
20 |     some_list.pop(1)
21 |     some_list.pop()
   |     ^^^^^^^^^^^^^
22 | 
23 |     # conditional break should error
   |
error[B909]: B909.py:25:9: Mutation to loop iterable `some_list` during iteration

   |
23 |     # conditional break should error
24 |     if elem == 2:
25 |         some_list.remove(0)
   |         ^^^^^^^^^^^^^^^^
26 |         if elem == 3:
27 |             break
   |
error[B909]: B909.py:47:5: Mutation to loop iterable `mydicts` during iteration

   |
45 | for elem in mydicts:
46 |     # errors
47 |     mydicts.popitem()
   |     ^^^^^^^^^^^^^^^
48 |     mydicts.setdefault("foo", 1)
49 |     mydicts.update({"foo": "bar"})
   |
error[B909]: B909.py:48:5: Mutation to loop iterable `mydicts` during iteration

   |
46 |     # errors
47 |     mydicts.popitem()
48 |     mydicts.setdefault("foo", 1)
   |     ^^^^^^^^^^^^^^^^^^
49 |     mydicts.update({"foo": "bar"})
   |
error[B909]: B909.py:49:5: Mutation to loop iterable `mydicts` during iteration

   |
47 |     mydicts.popitem()
48 |     mydicts.setdefault("foo", 1)
49 |     mydicts.update({"foo": "bar"})
   |     ^^^^^^^^^^^^^^
50 | 
51 |     # no errors
   |
error[B909]: B909.py:62:5: Mutation to loop iterable `myset` during iteration

   |
60 | for _ in myset:
61 |     # errors
62 |     myset.update({4, 5})
   |     ^^^^^^^^^^^^
63 |     myset.intersection_update({4, 5})
64 |     myset.difference_update({4, 5})
   |
error[B909]: B909.py:63:5: Mutation to loop iterable `myset` during iteration

   |
61 |     # errors
62 |     myset.update({4, 5})
63 |     myset.intersection_update({4, 5})
   |     ^^^^^^^^^^^^^^^^^^^^^^^^^
64 |     myset.difference_update({4, 5})
65 |     myset.symmetric_difference_update({4, 5})
   |
error[B909]: B909.py:64:5: Mutation to loop iterable `myset` during iteration

   |
62 |     myset.update({4, 5})
63 |     myset.intersection_update({4, 5})
64 |     myset.difference_update({4, 5})
   |     ^^^^^^^^^^^^^^^^^^^^^^^
65 |     myset.symmetric_difference_update({4, 5})
66 |     myset.add(4)
   |
error[B909]: B909.py:65:5: Mutation to loop iterable `myset` during iteration

   |
63 |     myset.intersection_update({4, 5})
64 |     myset.difference_update({4, 5})
65 |     myset.symmetric_difference_update({4, 5})
   |     ^^^^^^^^^^^^^^^^^^^^^^^^^^^^^^^^^
66 |     myset.add(4)
67 |     myset.discard(3)
   |
error[B909]: B909.py:66:5: Mutation to loop iterable `myset` during iteration

   |
64 |     myset.difference_update({4, 5})
65 |     myset.symmetric_difference_update({4, 5})
66 |     myset.add(4)
   |     ^^^^^^^^^
67 |     myset.discard(3)
   |
error[B909]: B909.py:67:5: Mutation to loop iterable `myset` during iteration

   |
65 |     myset.symmetric_difference_update({4, 5})
66 |     myset.add(4)
67 |     myset.discard(3)
   |     ^^^^^^^^^^^^^
68 | 
69 |     # no errors
   |
error[B909]: B909.py:84:5: Mutation to loop iterable `a.some_list` during iteration

   |
82 | # ensure member accesses are handled as errors
83 | for elem in a.some_list:
84 |     a.some_list.remove(0)
   |     ^^^^^^^^^^^^^^^^^^
85 |     del a.some_list[2]
   |
error[B909]: B909.py:85:5: Mutation to loop iterable `a.some_list` during iteration

   |
83 | for elem in a.some_list:
84 |     a.some_list.remove(0)
85 |     del a.some_list[2]
   |     ^^^^^^^^^^^^^^^^^^
   |
error[B909]: B909.py:93:5: Mutation to loop iterable `foo` during iteration

   |
91 | bar = [4, 5, 6]
92 | for _ in foo:
93 |     foo *= 2
   |     ^^^^^^^^
94 |     foo += bar
95 |     foo[1] = 9
   |
error[B909]: B909.py:94:5: Mutation to loop iterable `foo` during iteration

   |
92 | for _ in foo:
93 |     foo *= 2
94 |     foo += bar
   |     ^^^^^^^^^^
95 |     foo[1] = 9
96 |     foo[1:2] = bar
   |
error[B909]: B909.py:95:5: Mutation to loop iterable `foo` during iteration

   |
93 |     foo *= 2
94 |     foo += bar
95 |     foo[1] = 9
   |     ^^^^^^^^^^
96 |     foo[1:2] = bar
97 |     foo[1:2:3] = bar
   |
error[B909]: B909.py:96:5: Mutation to loop iterable `foo` during iteration

   |
94 |     foo += bar
95 |     foo[1] = 9
96 |     foo[1:2] = bar
   |     ^^^^^^^^^^^^^^
97 |     foo[1:2:3] = bar
   |
error[B909]: B909.py:97:5: Mutation to loop iterable `foo` during iteration

   |
95 |     foo[1] = 9
96 |     foo[1:2] = bar
97 |     foo[1:2:3] = bar
   |     ^^^^^^^^^^^^^^^^
98 | 
99 | foo = {1, 2, 3}
   |
error[B909]: B909.py:102:5: Mutation to loop iterable `foo` during iteration

    |
100 | bar = {4, 5, 6}
101 | for _ in foo:  # should error
102 |     foo |= bar
    |     ^^^^^^^^^^
103 |     foo &= bar
104 |     foo -= bar
    |
error[B909]: B909.py:103:5: Mutation to loop iterable `foo` during iteration

    |
101 | for _ in foo:  # should error
102 |     foo |= bar
103 |     foo &= bar
    |     ^^^^^^^^^^
104 |     foo -= bar
105 |     foo ^= bar
    |
error[B909]: B909.py:104:5: Mutation to loop iterable `foo` during iteration

    |
102 |     foo |= bar
103 |     foo &= bar
104 |     foo -= bar
    |     ^^^^^^^^^^
105 |     foo ^= bar
    |
error[B909]: B909.py:105:5: Mutation to loop iterable `foo` during iteration

    |
103 |     foo &= bar
104 |     foo -= bar
105 |     foo ^= bar
    |     ^^^^^^^^^^
    |
error[B909]: B909.py:125:5: Mutation to loop iterable `foo` during iteration

    |
123 | # should error (?)
124 | for _ in foo:
125 |     foo.remove(1)
    |     ^^^^^^^^^^
126 |     if bar:
127 |         bar.remove(1)
    |
error[B909]: B909.py:136:9: Mutation to loop iterable `foo` during iteration

    |
134 |         pass
135 |     else:
136 |         foo.remove(1)
    |         ^^^^^^^^^^
137 | 
138 | # should error
    |
error[B909]: B909.py:140:8: Mutation to loop iterable `some_list` during iteration

    |
138 | # should error
139 | for elem in some_list:
140 |     if some_list.pop() == 2:
    |        ^^^^^^^^^^^^^
141 |         pass
    |
error[B909]: B909.py:150:8: Mutation to loop iterable `some_list` during iteration

    |
148 | # should error
149 | for elem in some_list:
150 |     if some_list.pop() == 2:
    |        ^^^^^^^^^^^^^
151 |         pass
152 |     else:
    |
