---
source: crates/ruff_linter/src/rules/pylint/mod.rs
---
error[PLE0604]: invalid_all_object.py:1:1: Invalid object in `__all__`, must contain only strings

  |
1 | __all__ = (
  | ^^^^^^^
2 |     None,  # [invalid-all-object]
3 |     Fruit,
  |
error[PLE0604]: invalid_all_object.py:7:1: Invalid object in `__all__`, must contain only strings

  |
5 | )
6 | 
7 | __all__ = list([None, "Fruit", "Worm"])  # [invalid-all-object]
  | ^^^^^^^
  |
