---
source: crates/ruff_linter/src/rules/pylint/mod.rs
---
error[PLE1132]: repeated_keyword_argument.py:16:21: Repeated keyword argument: `c`

   |
15 | # Invalid
16 | func(a=11, c=31, **{"c": 41})
   |                     ^^^
17 | func(a=11, c=31, **{"c": 41, "a": 51})
18 | func(a=11, b=21, c=31, **{"b": 22, "c": 41, "a": 51})
   |
error[PLE1132]: repeated_keyword_argument.py:17:21: Repeated keyword argument: `c`

   |
15 | # Invalid
16 | func(a=11, c=31, **{"c": 41})
17 | func(a=11, c=31, **{"c": 41, "a": 51})
   |                     ^^^
18 | func(a=11, b=21, c=31, **{"b": 22, "c": 41, "a": 51})
19 | func(a=11, b=21, **{"c": 31}, **{"c": 32})
   |
error[PLE1132]: repeated_keyword_argument.py:17:30: Repeated keyword argument: `a`

   |
15 | # Invalid
16 | func(a=11, c=31, **{"c": 41})
17 | func(a=11, c=31, **{"c": 41, "a": 51})
   |                              ^^^
18 | func(a=11, b=21, c=31, **{"b": 22, "c": 41, "a": 51})
19 | func(a=11, b=21, **{"c": 31}, **{"c": 32})
   |
error[PLE1132]: repeated_keyword_argument.py:18:27: Repeated keyword argument: `b`

   |
16 | func(a=11, c=31, **{"c": 41})
17 | func(a=11, c=31, **{"c": 41, "a": 51})
18 | func(a=11, b=21, c=31, **{"b": 22, "c": 41, "a": 51})
   |                           ^^^
19 | func(a=11, b=21, **{"c": 31}, **{"c": 32})
20 | func(a=11, b=21, **{"c": 31, "c": 32})
   |
error[PLE1132]: repeated_keyword_argument.py:18:36: Repeated keyword argument: `c`

   |
16 | func(a=11, c=31, **{"c": 41})
17 | func(a=11, c=31, **{"c": 41, "a": 51})
18 | func(a=11, b=21, c=31, **{"b": 22, "c": 41, "a": 51})
   |                                    ^^^
19 | func(a=11, b=21, **{"c": 31}, **{"c": 32})
20 | func(a=11, b=21, **{"c": 31, "c": 32})
   |
error[PLE1132]: repeated_keyword_argument.py:18:45: Repeated keyword argument: `a`

   |
16 | func(a=11, c=31, **{"c": 41})
17 | func(a=11, c=31, **{"c": 41, "a": 51})
18 | func(a=11, b=21, c=31, **{"b": 22, "c": 41, "a": 51})
   |                                             ^^^
19 | func(a=11, b=21, **{"c": 31}, **{"c": 32})
20 | func(a=11, b=21, **{"c": 31, "c": 32})
   |
error[PLE1132]: repeated_keyword_argument.py:19:34: Repeated keyword argument: `c`

   |
17 | func(a=11, c=31, **{"c": 41, "a": 51})
18 | func(a=11, b=21, c=31, **{"b": 22, "c": 41, "a": 51})
19 | func(a=11, b=21, **{"c": 31}, **{"c": 32})
   |                                  ^^^
20 | func(a=11, b=21, **{"c": 31, "c": 32})
   |
error[PLE1132]: repeated_keyword_argument.py:20:30: Repeated keyword argument: `c`

   |
18 | func(a=11, b=21, c=31, **{"b": 22, "c": 41, "a": 51})
19 | func(a=11, b=21, **{"c": 31}, **{"c": 32})
20 | func(a=11, b=21, **{"c": 31, "c": 32})
   |                              ^^^
   |
