---
source: crates/ruff_linter/src/rules/flake8_logging_format/mod.rs
---
error[G003]: G003.py:3:14: Logging statement uses `+`

  |
1 | import logging
2 | 
3 | logging.info("Hello" + " " + "World!")
  |              ^^^^^^^^^^^^^^^^^^^^^^^^
4 | logging.log(logging.INFO, "Hello" + " " + "World!")
  |
error[G003]: G003.py:4:27: Logging statement uses `+`

  |
3 | logging.info("Hello" + " " + "World!")
4 | logging.log(logging.INFO, "Hello" + " " + "World!")
  |                           ^^^^^^^^^^^^^^^^^^^^^^^^
5 | 
6 | from logging import info, log
  |
error[G003]: G003.py:8:6: Logging statement uses `+`

  |
6 | from logging import info, log
7 | 
8 | info("Hello" + " " + "World!")
  |      ^^^^^^^^^^^^^^^^^^^^^^^^
9 | log(logging.INFO, "Hello" + " " + "World!")
  |
error[G003]: G003.py:9:19: Logging statement uses `+`

  |
8 | info("Hello" + " " + "World!")
9 | log(logging.INFO, "Hello" + " " + "World!")
  |                   ^^^^^^^^^^^^^^^^^^^^^^^^
  |
