---
source: crates/ruff_linter/src/rules/pep8_naming/mod.rs
---
error[N818]: N818.py:4:7: Exception name `StillBad` should be named with an Error suffix

  |
2 |     pass
3 | 
4 | class StillBad(Exception):
  |       ^^^^^^^^
5 |     pass
  |
error[N818]: N818.py:10:7: Exception name `StillBad` should be named with an Error suffix

   |
 8 |     pass
 9 | 
10 | class StillBad(AnotherError):
   |       ^^^^^^^^
11 |     pass
   |
