---
source: crates/ruff_linter/src/rules/pep8_naming/mod.rs
---
error[N801]: N801.py:4:7: Class name `stillBad` should use CapWords convention

  |
2 |     pass
3 | 
4 | class stillBad:
  |       ^^^^^^^^
5 |     pass
  |
error[N801]: N801.py:10:7: Class name `STILL_BAD` should use CapWords convention

   |
 8 |     pass
 9 | 
10 | class STILL_BAD:
   |       ^^^^^^^^^
11 |     pass
   |
