---
source: crates/ruff_linter/src/rules/pycodestyle/mod.rs
---
error[E115]: E11.py:30:1: Expected an indented block (comment)

   |
28 | def start(self):
29 |     if True:
30 | #       try:
   | ^
31 | #           self.master.start()
32 | #       except MasterExit:
   |
error[E115]: E11.py:31:1: Expected an indented block (comment)

   |
29 |     if True:
30 | #       try:
31 | #           self.master.start()
   | ^
32 | #       except MasterExit:
33 | #           self.shutdown()
   |
error[E115]: E11.py:32:1: Expected an indented block (comment)

   |
30 | #       try:
31 | #           self.master.start()
32 | #       except MasterExit:
   | ^
33 | #           self.shutdown()
34 | #       finally:
   |
error[E115]: E11.py:33:1: Expected an indented block (comment)

   |
31 | #           self.master.start()
32 | #       except MasterExit:
33 | #           self.shutdown()
   | ^
34 | #       finally:
35 | #           sys.exit()
   |
error[E115]: E11.py:34:1: Expected an indented block (comment)

   |
32 | #       except MasterExit:
33 | #           self.shutdown()
34 | #       finally:
   | ^
35 | #           sys.exit()
36 |         self.master.start()
   |
error[E115]: E11.py:35:1: Expected an indented block (comment)

   |
33 | #           self.shutdown()
34 | #       finally:
35 | #           sys.exit()
   | ^
36 |         self.master.start()
37 | #: E117
   |
