---
source: crates/ruff_linter/src/rules/pycodestyle/mod.rs
---
error[W292]: W292_4.py:1:2: [*] No newline at end of file

  |
1 | ...
  |  ^
  |
  = help: Add trailing newline
â„¹ Safe fix
1   |- 
  1 |+
