---
source: crates/ruff_linter/src/rules/pycodestyle/mod.rs
---
error[E304]: E30.py:773:1: [*] Blank lines found after function decorator (1)

    |
771 | @decorator
772 | 
773 | def function():
    | ^^^
774 |     pass
775 | # end
    |
    = help: Remove extraneous blank line(s)
ℹ Safe fix
769 769 | 
770 770 | # E304
771 771 | @decorator
772     |-
773 772 | def function():
774 773 |     pass
775 774 | # end

error[E304]: E30.py:782:1: [*] Blank lines found after function decorator (1)

    |
781 | # comment    E304 not expected
782 | def function():
    | ^^^
783 |     pass
784 | # end
    |
    = help: Remove extraneous blank line(s)
ℹ Safe fix
777 777 | 
778 778 | # E304
779 779 | @decorator
780     |-
781 780 | # comment    E304 not expected
782 781 | def function():
783 782 |     pass

error[E304]: E30.py:794:1: [*] Blank lines found after function decorator (2)

    |
793 | # second comment  E304 not expected
794 | def function():
    | ^^^
795 |     pass
796 | # end
    |
    = help: Remove extraneous blank line(s)
ℹ Safe fix
786 786 | 
787 787 | # E304
788 788 | @decorator
789     |-
790 789 | # comment  E304 not expected
791     |-
792     |-
793 790 | # second comment  E304 not expected
794 791 | def function():
795 792 |     pass
