---
source: crates/ruff_linter/src/rules/flake8_bandit/mod.rs
---
error[S311]: S311.py:10:1: Standard pseudo-random generators are not suitable for cryptographic purposes

   |
 9 | # Errors
10 | random.Random()
   | ^^^^^^^^^^^^^^^
11 | random.random()
12 | random.randrange()
   |
error[S311]: S311.py:11:1: Standard pseudo-random generators are not suitable for cryptographic purposes

   |
 9 | # Errors
10 | random.Random()
11 | random.random()
   | ^^^^^^^^^^^^^^^
12 | random.randrange()
13 | random.randint()
   |
error[S311]: S311.py:12:1: Standard pseudo-random generators are not suitable for cryptographic purposes

   |
10 | random.Random()
11 | random.random()
12 | random.randrange()
   | ^^^^^^^^^^^^^^^^^^
13 | random.randint()
14 | random.choice()
   |
error[S311]: S311.py:13:1: Standard pseudo-random generators are not suitable for cryptographic purposes

   |
11 | random.random()
12 | random.randrange()
13 | random.randint()
   | ^^^^^^^^^^^^^^^^
14 | random.choice()
15 | random.choices()
   |
error[S311]: S311.py:14:1: Standard pseudo-random generators are not suitable for cryptographic purposes

   |
12 | random.randrange()
13 | random.randint()
14 | random.choice()
   | ^^^^^^^^^^^^^^^
15 | random.choices()
16 | random.uniform()
   |
error[S311]: S311.py:15:1: Standard pseudo-random generators are not suitable for cryptographic purposes

   |
13 | random.randint()
14 | random.choice()
15 | random.choices()
   | ^^^^^^^^^^^^^^^^
16 | random.uniform()
17 | random.triangular()
   |
error[S311]: S311.py:16:1: Standard pseudo-random generators are not suitable for cryptographic purposes

   |
14 | random.choice()
15 | random.choices()
16 | random.uniform()
   | ^^^^^^^^^^^^^^^^
17 | random.triangular()
18 | random.randbytes()
   |
error[S311]: S311.py:17:1: Standard pseudo-random generators are not suitable for cryptographic purposes

   |
15 | random.choices()
16 | random.uniform()
17 | random.triangular()
   | ^^^^^^^^^^^^^^^^^^^
18 | random.randbytes()
   |
error[S311]: S311.py:18:1: Standard pseudo-random generators are not suitable for cryptographic purposes

   |
16 | random.uniform()
17 | random.triangular()
18 | random.randbytes()
   | ^^^^^^^^^^^^^^^^^^
19 | 
20 | # Unrelated
   |
