---
source: crates/ruff_linter/src/rules/flake8_bandit/mod.rs
---
error[S405]: S405.py:1:8: `xml.etree` methods are vulnerable to XML attacks

  |
1 | import xml.etree.cElementTree  # S405
  |        ^^^^^^^^^^^^^^^^^^^^^^
2 | from xml.etree import cElementTree  # S405
3 | import xml.etree.ElementTree  # S405
  |
error[S405]: S405.py:2:6: `xml.etree` methods are vulnerable to XML attacks

  |
1 | import xml.etree.cElementTree  # S405
2 | from xml.etree import cElementTree  # S405
  |      ^^^^^^^^^
3 | import xml.etree.ElementTree  # S405
4 | from xml.etree import ElementTree  # S405
  |
error[S405]: S405.py:3:8: `xml.etree` methods are vulnerable to XML attacks

  |
1 | import xml.etree.cElementTree  # S405
2 | from xml.etree import cElementTree  # S405
3 | import xml.etree.ElementTree  # S405
  |        ^^^^^^^^^^^^^^^^^^^^^
4 | from xml.etree import ElementTree  # S405
  |
error[S405]: S405.py:4:6: `xml.etree` methods are vulnerable to XML attacks

  |
2 | from xml.etree import cElementTree  # S405
3 | import xml.etree.ElementTree  # S405
4 | from xml.etree import ElementTree  # S405
  |      ^^^^^^^^^
  |
