---
source: crates/ruff_linter/src/rules/pydocstyle/mod.rs
---
error[D107]: D.py:60:9: Missing docstring in `__init__`

   |
59 |     @expect('D107: Missing docstring in __init__')
60 |     def __init__(self=None):
   |         ^^^^^^^^
61 |         pass
   |
error[D107]: D.py:534:9: Missing docstring in `__init__`

    |
532 |     """
533 | 
534 |     def __init__(self, x):
    |         ^^^^^^^^
535 |         pass
    |
