---
source: crates/ruff_linter/src/rules/pydocstyle/mod.rs
---
error[D215]: sections.py:159:9: [*] Section underline is over-indented ("Returns")

    |
158 |     Returns
159 |         -------
    |         ^^^^^^^
160 |     A value of some sort.
    |
    = help: Remove over-indentation from "Returns" underline
ℹ Safe fix
156 156 |     """Toggle the gizmo.
157 157 | 
158 158 |     Returns
159     |-        -------
    159 |+    ------
160 160 |     A value of some sort.
161 161 | 
162 162 |     """

error[D215]: sections.py:173:9: [*] Section underline is over-indented ("Returns")

    |
172 |     Returns
173 |         -------
    |         ^^^^^^^
174 |     """
    |
    = help: Remove over-indentation from "Returns" underline
ℹ Safe fix
170 170 |     """Toggle the gizmo.
171 171 | 
172 172 |     Returns
173     |-        -------
    173 |+    ------
174 174 |     """
175 175 | 
176 176 |
