---
source: crates/ruff_linter/src/rules/pydocstyle/mod.rs
---
error[D418]: D.py:34:9: Function decorated with `@overload` shouldn't contain a docstring

   |
33 |     @overload
34 |     def overloaded_method(self, a: str) -> str:
   |         ^^^^^^^^^^^^^^^^^
35 |         """Foo bar documentation."""
36 |         ...
   |
error[D418]: D.py:90:9: Function decorated with `@overload` shouldn't contain a docstring

   |
89 |     @overload
90 |     def nested_overloaded_func(a: str) -> str:
   |         ^^^^^^^^^^^^^^^^^^^^^^
91 |         """Foo bar documentation."""
92 |         ...
   |
error[D418]: D.py:110:5: Function decorated with `@overload` shouldn't contain a docstring

    |
109 | @overload
110 | def overloaded_func(a: str) -> str:
    |     ^^^^^^^^^^^^^^^
111 |     """Foo bar documentation."""
112 |     ...
    |
