---
source: crates/ruff_linter/src/rules/pydocstyle/mod.rs
---
error[D408]: sections.py:98:5: [*] Section underline should be in the line following the section's name ("Returns")

   |
96 |     Returns
97 | 
98 |     -------
   |     ^^^^^^^
99 |     A value of some sort.
   |
   = help: Add underline to "Returns"
â„¹ Safe fix
94 94 |     """Toggle the gizmo.
95 95 | 
96 96 |     Returns
97    |-
98 97 |     -------
99 98 |     A value of some sort.
100 99 |
