---
source: crates/ruff_linter/src/rules/flake8_use_pathlib/mod.rs
---
error[PTH203]: PTH203.py:5:1: `os.path.getatime` should be replaced by `Path.stat().st_atime`

  |
3 | from os.path import getatime
4 | 
5 | os.path.getatime("filename")
  | ^^^^^^^^^^^^^^^^
6 | os.path.getatime(b"filename")
7 | os.path.getatime(Path("filename"))
  |
error[PTH203]: PTH203.py:6:1: `os.path.getatime` should be replaced by `Path.stat().st_atime`

  |
5 | os.path.getatime("filename")
6 | os.path.getatime(b"filename")
  | ^^^^^^^^^^^^^^^^
7 | os.path.getatime(Path("filename"))
  |
error[PTH203]: PTH203.py:7:1: `os.path.getatime` should be replaced by `Path.stat().st_atime`

  |
5 | os.path.getatime("filename")
6 | os.path.getatime(b"filename")
7 | os.path.getatime(Path("filename"))
  | ^^^^^^^^^^^^^^^^
  |
error[PTH203]: PTH203.py:10:1: `os.path.getatime` should be replaced by `Path.stat().st_atime`

   |
10 | getatime("filename")
   | ^^^^^^^^
11 | getatime(b"filename")
12 | getatime(Path("filename"))
   |
error[PTH203]: PTH203.py:11:1: `os.path.getatime` should be replaced by `Path.stat().st_atime`

   |
10 | getatime("filename")
11 | getatime(b"filename")
   | ^^^^^^^^
12 | getatime(Path("filename"))
   |
error[PTH203]: PTH203.py:12:1: `os.path.getatime` should be replaced by `Path.stat().st_atime`

   |
10 | getatime("filename")
11 | getatime(b"filename")
12 | getatime(Path("filename"))
   | ^^^^^^^^
   |
