---
source: crates/ruff_linter/src/message/text.rs
expression: content
---
error[F401]: fib.py:1:8: `os` imported but unused

  |
1 | import os
  |        ^^
  |
  = help: Remove unused import: `os`
error[F841]: fib.py:6:5: Local variable `x` is assigned to but never used

  |
4 | def fibonacci(n):
5 |     """Compute the nth number in the Fibonacci sequence."""
6 |     x = 1
  |     ^
7 |     if n == 0:
8 |         return 0
  |
  = help: Remove assignment to unused variable `x`
error[F821]: undef.py:1:4: Undefined name `a`

  |
1 | if a == 1: pass
  |    ^
  |
